EXEC sp_describe_first_result_set_vu_prepare_procedure;
GO
~~START~~
bit#!#int#!#varchar#!#bit#!#int#!#nvarchar#!#smallint#!#tinyint#!#tinyint#!#varchar#!#int#!#varchar#!#varchar#!#varchar#!#nvarchar#!#int#!#varchar#!#varchar#!#varchar#!#bit#!#bit#!#bit#!#varchar#!#varchar#!#varchar#!#varchar#!#varchar#!#bit#!#bit#!#bit#!#bit#!#bit#!#smallint#!#smallint#!#smallint#!#int#!#int#!#int#!#tinyint
0#!#1#!#a#!#1#!#23#!#int#!#4#!#10#!#0#!#<NULL>#!#<NULL>#!#<NULL>#!#<NULL>#!#<NULL>#!#<NULL>#!#<NULL>#!#<NULL>#!#<NULL>#!#<NULL>#!#0#!#0#!#0#!#<NULL>#!#<NULL>#!#<NULL>#!#<NULL>#!#<NULL>#!#0#!#<NULL>#!#1#!#0#!#0#!#<NULL>#!#<NULL>#!#<NULL>#!#38#!#4#!#<NULL>#!#<NULL>
0#!#2#!#b#!#1#!#23#!#int#!#4#!#10#!#0#!#<NULL>#!#<NULL>#!#<NULL>#!#<NULL>#!#<NULL>#!#<NULL>#!#<NULL>#!#<NULL>#!#<NULL>#!#<NULL>#!#0#!#0#!#0#!#<NULL>#!#<NULL>#!#<NULL>#!#<NULL>#!#<NULL>#!#0#!#<NULL>#!#1#!#0#!#0#!#<NULL>#!#<NULL>#!#<NULL>#!#38#!#4#!#<NULL>#!#<NULL>
~~END~~

~~START~~
bit#!#int#!#varchar#!#bit#!#int#!#nvarchar#!#smallint#!#tinyint#!#tinyint#!#varchar#!#int#!#varchar#!#varchar#!#varchar#!#nvarchar#!#int#!#varchar#!#varchar#!#varchar#!#bit#!#bit#!#bit#!#varchar#!#varchar#!#varchar#!#varchar#!#varchar#!#bit#!#bit#!#bit#!#bit#!#bit#!#smallint#!#smallint#!#smallint#!#int#!#int#!#int#!#tinyint
0#!#1#!#a#!#1#!#23#!#int#!#4#!#10#!#0#!#<NULL>#!#<NULL>#!#<NULL>#!#<NULL>#!#<NULL>#!#<NULL>#!#<NULL>#!#<NULL>#!#<NULL>#!#<NULL>#!#0#!#0#!#0#!#<NULL>#!#<NULL>#!#<NULL>#!#<NULL>#!#<NULL>#!#0#!#<NULL>#!#1#!#0#!#0#!#<NULL>#!#<NULL>#!#<NULL>#!#38#!#4#!#<NULL>#!#<NULL>
0#!#2#!#b#!#1#!#23#!#int#!#4#!#10#!#0#!#<NULL>#!#<NULL>#!#<NULL>#!#<NULL>#!#<NULL>#!#<NULL>#!#<NULL>#!#<NULL>#!#<NULL>#!#<NULL>#!#0#!#0#!#0#!#<NULL>#!#<NULL>#!#<NULL>#!#<NULL>#!#<NULL>#!#0#!#<NULL>#!#1#!#0#!#0#!#<NULL>#!#<NULL>#!#<NULL>#!#38#!#4#!#<NULL>#!#<NULL>
~~END~~

~~START~~
bit#!#int#!#varchar#!#bit#!#int#!#nvarchar#!#smallint#!#tinyint#!#tinyint#!#varchar#!#int#!#varchar#!#varchar#!#varchar#!#nvarchar#!#int#!#varchar#!#varchar#!#varchar#!#bit#!#bit#!#bit#!#varchar#!#varchar#!#varchar#!#varchar#!#varchar#!#bit#!#bit#!#bit#!#bit#!#bit#!#smallint#!#smallint#!#smallint#!#int#!#int#!#int#!#tinyint
~~ERROR (Code: 33557097)~~

~~ERROR (Message: An error occurred during the current command (Done status 0). syntax error near '<EOF>' at line 1 and character position 8000)~~


EXEC sp_describe_first_result_set_vu_prepare_procedure2;
GO
~~START~~
bit#!#int#!#varchar#!#bit#!#int#!#nvarchar#!#smallint#!#tinyint#!#tinyint#!#varchar#!#int#!#varchar#!#varchar#!#varchar#!#nvarchar#!#int#!#varchar#!#varchar#!#varchar#!#bit#!#bit#!#bit#!#varchar#!#varchar#!#varchar#!#varchar#!#varchar#!#bit#!#bit#!#bit#!#bit#!#bit#!#smallint#!#smallint#!#smallint#!#int#!#int#!#int#!#tinyint
~~END~~


EXEC sp_describe_first_result_set N'select * from sp_describe_first_result_set_vu_prepare_t1'
GO
~~START~~
bit#!#int#!#varchar#!#bit#!#int#!#nvarchar#!#smallint#!#tinyint#!#tinyint#!#varchar#!#int#!#varchar#!#varchar#!#varchar#!#nvarchar#!#int#!#varchar#!#varchar#!#varchar#!#bit#!#bit#!#bit#!#varchar#!#varchar#!#varchar#!#varchar#!#varchar#!#bit#!#bit#!#bit#!#bit#!#bit#!#smallint#!#smallint#!#smallint#!#int#!#int#!#int#!#tinyint
0#!#1#!#col_a#!#1#!#25#!#text#!#-1#!#0#!#0#!#bbf_unicode_cp1_ci_as#!#<NULL>#!#<NULL>#!#<NULL>#!#<NULL>#!#<NULL>#!#<NULL>#!#<NULL>#!#<NULL>#!#<NULL>#!#0#!#0#!#0#!#<NULL>#!#<NULL>#!#<NULL>#!#<NULL>#!#<NULL>#!#0#!#<NULL>#!#1#!#0#!#0#!#<NULL>#!#<NULL>#!#<NULL>#!#35#!#16#!#13632521#!#52
0#!#2#!#col_b#!#1#!#16#!#boolean#!#<NULL>#!#<NULL>#!#<NULL>#!#<NULL>#!#<NULL>#!#<NULL>#!#<NULL>#!#<NULL>#!#<NULL>#!#<NULL>#!#<NULL>#!#<NULL>#!#<NULL>#!#0#!#0#!#0#!#<NULL>#!#<NULL>#!#<NULL>#!#<NULL>#!#<NULL>#!#0#!#<NULL>#!#1#!#0#!#0#!#<NULL>#!#<NULL>#!#<NULL>#!#0#!#<NULL>#!#<NULL>#!#<NULL>
0#!#3#!#col_c#!#1#!#23#!#int#!#4#!#10#!#0#!#<NULL>#!#<NULL>#!#<NULL>#!#<NULL>#!#<NULL>#!#<NULL>#!#<NULL>#!#<NULL>#!#<NULL>#!#<NULL>#!#0#!#0#!#0#!#<NULL>#!#<NULL>#!#<NULL>#!#<NULL>#!#<NULL>#!#0#!#<NULL>#!#1#!#0#!#0#!#<NULL>#!#<NULL>#!#<NULL>#!#38#!#4#!#<NULL>#!#<NULL>
0#!#4#!#col_d#!#1#!#20#!#bigint#!#8#!#19#!#0#!#<NULL>#!#<NULL>#!#<NULL>#!#<NULL>#!#<NULL>#!#<NULL>#!#<NULL>#!#<NULL>#!#<NULL>#!#<NULL>#!#0#!#0#!#0#!#<NULL>#!#<NULL>#!#<NULL>#!#<NULL>#!#<NULL>#!#0#!#<NULL>#!#1#!#0#!#0#!#<NULL>#!#<NULL>#!#<NULL>#!#38#!#8#!#<NULL>#!#<NULL>
0#!#5#!#col_e#!#1#!#25#!#text#!#-1#!#0#!#0#!#bbf_unicode_cp1_ci_as#!#<NULL>#!#<NULL>#!#<NULL>#!#<NULL>#!#<NULL>#!#<NULL>#!#<NULL>#!#<NULL>#!#<NULL>#!#0#!#0#!#0#!#<NULL>#!#<NULL>#!#<NULL>#!#<NULL>#!#<NULL>#!#0#!#<NULL>#!#1#!#0#!#0#!#<NULL>#!#<NULL>#!#<NULL>#!#35#!#16#!#13632521#!#52
~~END~~


EXEC sp_describe_first_result_set N'select * from sp_describe_first_result_set_vu_prepare_scale'
GO
~~START~~
bit#!#int#!#varchar#!#bit#!#int#!#nvarchar#!#smallint#!#tinyint#!#tinyint#!#varchar#!#int#!#varchar#!#varchar#!#varchar#!#nvarchar#!#int#!#varchar#!#varchar#!#varchar#!#bit#!#bit#!#bit#!#varchar#!#varchar#!#varchar#!#varchar#!#varchar#!#bit#!#bit#!#bit#!#bit#!#bit#!#smallint#!#smallint#!#smallint#!#int#!#int#!#int#!#tinyint
0#!#1#!#col_time#!#1#!#1083#!#time#!#5#!#15#!#7#!#<NULL>#!#<NULL>#!#<NULL>#!#<NULL>#!#<NULL>#!#<NULL>#!#<NULL>#!#<NULL>#!#<NULL>#!#<NULL>#!#0#!#0#!#0#!#<NULL>#!#<NULL>#!#<NULL>#!#<NULL>#!#<NULL>#!#0#!#<NULL>#!#1#!#0#!#0#!#<NULL>#!#<NULL>#!#<NULL>#!#41#!#5#!#<NULL>#!#<NULL>
0#!#2#!#col_time_6#!#1#!#1083#!#time#!#5#!#15#!#6#!#<NULL>#!#<NULL>#!#<NULL>#!#<NULL>#!#<NULL>#!#<NULL>#!#<NULL>#!#<NULL>#!#<NULL>#!#<NULL>#!#0#!#0#!#0#!#<NULL>#!#<NULL>#!#<NULL>#!#<NULL>#!#<NULL>#!#0#!#<NULL>#!#1#!#0#!#0#!#<NULL>#!#<NULL>#!#<NULL>#!#41#!#5#!#<NULL>#!#<NULL>
0#!#3#!#col_time_7#!#1#!#1083#!#time#!#5#!#15#!#7#!#<NULL>#!#<NULL>#!#<NULL>#!#<NULL>#!#<NULL>#!#<NULL>#!#<NULL>#!#<NULL>#!#<NULL>#!#<NULL>#!#0#!#0#!#0#!#<NULL>#!#<NULL>#!#<NULL>#!#<NULL>#!#<NULL>#!#0#!#<NULL>#!#1#!#0#!#0#!#<NULL>#!#<NULL>#!#<NULL>#!#41#!#5#!#<NULL>#!#<NULL>
0#!#4#!#col_time_7b#!#1#!#1083#!#time#!#5#!#15#!#7#!#<NULL>#!#<NULL>#!#<NULL>#!#<NULL>#!#<NULL>#!#<NULL>#!#<NULL>#!#<NULL>#!#<NULL>#!#<NULL>#!#0#!#0#!#0#!#<NULL>#!#<NULL>#!#<NULL>#!#<NULL>#!#<NULL>#!#0#!#<NULL>#!#1#!#0#!#0#!#<NULL>#!#<NULL>#!#<NULL>#!#41#!#5#!#<NULL>#!#<NULL>
0#!#5#!#col_datetime2#!#1#!#17658#!#datetime2#!#8#!#26#!#7#!#<NULL>#!#<NULL>#!#<NULL>#!#<NULL>#!#<NULL>#!#<NULL>#!#<NULL>#!#<NULL>#!#<NULL>#!#<NULL>#!#0#!#0#!#0#!#<NULL>#!#<NULL>#!#<NULL>#!#<NULL>#!#<NULL>#!#0#!#<NULL>#!#1#!#0#!#0#!#<NULL>#!#<NULL>#!#<NULL>#!#42#!#8#!#<NULL>#!#<NULL>
0#!#6#!#col_datetime2_6#!#1#!#17658#!#datetime2#!#8#!#26#!#6#!#<NULL>#!#<NULL>#!#<NULL>#!#<NULL>#!#<NULL>#!#<NULL>#!#<NULL>#!#<NULL>#!#<NULL>#!#<NULL>#!#0#!#0#!#0#!#<NULL>#!#<NULL>#!#<NULL>#!#<NULL>#!#<NULL>#!#0#!#<NULL>#!#1#!#0#!#0#!#<NULL>#!#<NULL>#!#<NULL>#!#42#!#8#!#<NULL>#!#<NULL>
0#!#7#!#col_datetime2_7#!#1#!#17658#!#datetime2#!#8#!#26#!#7#!#<NULL>#!#<NULL>#!#<NULL>#!#<NULL>#!#<NULL>#!#<NULL>#!#<NULL>#!#<NULL>#!#<NULL>#!#<NULL>#!#0#!#0#!#0#!#<NULL>#!#<NULL>#!#<NULL>#!#<NULL>#!#<NULL>#!#0#!#<NULL>#!#1#!#0#!#0#!#<NULL>#!#<NULL>#!#<NULL>#!#42#!#8#!#<NULL>#!#<NULL>
0#!#8#!#col_datetime2_7b#!#1#!#17658#!#datetime2#!#8#!#26#!#7#!#<NULL>#!#<NULL>#!#<NULL>#!#<NULL>#!#<NULL>#!#<NULL>#!#<NULL>#!#<NULL>#!#<NULL>#!#<NULL>#!#0#!#0#!#0#!#<NULL>#!#<NULL>#!#<NULL>#!#<NULL>#!#<NULL>#!#0#!#<NULL>#!#1#!#0#!#0#!#<NULL>#!#<NULL>#!#<NULL>#!#42#!#8#!#<NULL>#!#<NULL>
0#!#9#!#col_datetimeoffset#!#1#!#17869#!#datetimeoffset#!#10#!#33#!#7#!#<NULL>#!#<NULL>#!#<NULL>#!#<NULL>#!#<NULL>#!#<NULL>#!#<NULL>#!#<NULL>#!#<NULL>#!#<NULL>#!#0#!#0#!#0#!#<NULL>#!#<NULL>#!#<NULL>#!#<NULL>#!#<NULL>#!#0#!#<NULL>#!#1#!#0#!#0#!#<NULL>#!#<NULL>#!#<NULL>#!#43#!#10#!#<NULL>#!#<NULL>
0#!#10#!#col_datetimeoffset_6#!#1#!#17869#!#datetimeoffset#!#10#!#33#!#6#!#<NULL>#!#<NULL>#!#<NULL>#!#<NULL>#!#<NULL>#!#<NULL>#!#<NULL>#!#<NULL>#!#<NULL>#!#<NULL>#!#0#!#0#!#0#!#<NULL>#!#<NULL>#!#<NULL>#!#<NULL>#!#<NULL>#!#0#!#<NULL>#!#1#!#0#!#0#!#<NULL>#!#<NULL>#!#<NULL>#!#43#!#10#!#<NULL>#!#<NULL>
0#!#11#!#col_datetimeoffset_7#!#1#!#17869#!#datetimeoffset#!#10#!#33#!#7#!#<NULL>#!#<NULL>#!#<NULL>#!#<NULL>#!#<NULL>#!#<NULL>#!#<NULL>#!#<NULL>#!#<NULL>#!#<NULL>#!#0#!#0#!#0#!#<NULL>#!#<NULL>#!#<NULL>#!#<NULL>#!#<NULL>#!#0#!#<NULL>#!#1#!#0#!#0#!#<NULL>#!#<NULL>#!#<NULL>#!#43#!#10#!#<NULL>#!#<NULL>
0#!#12#!#col_datetimeoffset_7b#!#1#!#17869#!#datetimeoffset#!#10#!#33#!#7#!#<NULL>#!#<NULL>#!#<NULL>#!#<NULL>#!#<NULL>#!#<NULL>#!#<NULL>#!#<NULL>#!#<NULL>#!#<NULL>#!#0#!#0#!#0#!#<NULL>#!#<NULL>#!#<NULL>#!#<NULL>#!#<NULL>#!#0#!#<NULL>#!#1#!#0#!#0#!#<NULL>#!#<NULL>#!#<NULL>#!#43#!#10#!#<NULL>#!#<NULL>
~~END~~

